jade show-events -o output --categories Error

Events of type unhandled_error from directory: output
+----------------------------+-----------+----------------------------------------------------------------------------------+-------------------+-----------------------------------------------------------------+----------+--------+
|         timestamp          |   source  |                                     message                                      |       error       |                            exception                            | filename | lineno |
+----------------------------+-----------+----------------------------------------------------------------------------------+-------------------+-----------------------------------------------------------------+----------+--------+
| 2024-01-18 00:06:23.986897 | base_8500 | unexpected exception in run 'pydss_simulation' job=base_8500 - 2 errors occurred | 2 errors occurred | <class 'PyDSS.exceptions.OpenDssConvergenceErrorCountExceeded'> |  run.py  |   73   |
+----------------------------+-----------+----------------------------------------------------------------------------------+-------------------+-----------------------------------------------------------------+----------+--------+
Total events: 1

